=== 2026-10-02 15:07:16 UTC ===
sol/usd: 1117 trades, 0 con precio chainlink
btc/usd: 22016 trades, 19316 con precio chainlink
xrp/usd: 502 trades, 0 con precio chainlink
eth/usd: 1239 trades, 0 con precio chainlink
--- reconexiones del websocket de precio ---
3
--- errores del websocket de precio (ultimos 10) ---
--- ultimas 15 lineas del monitor ---
[15:07:06] NEW TRADE  Bitcoin    Up    paid=0.460 size=30.0  elapsed=Nones chainlink_now=85581.27773912199
[15:07:06] NEW TRADE  Bitcoin    Down  paid=0.550 size=50.0  elapsed=Nones chainlink_now=85554.304988765
[15:07:06] NEW TRADE  Bitcoin    Up    paid=0.150 size=11.8  elapsed=203s chainlink_now=85598.76152479016
[15:07:06] NEW TRADE  Bitcoin    Up    paid=0.280 size=10.0  elapsed=189s chainlink_now=85609.48622013647
[15:07:06] NEW TRADE  Bitcoin    Up    paid=0.510 size=50.0  elapsed=Nones chainlink_now=85644.9061373261
[15:07:06] NEW TRADE  Bitcoin    Up    paid=0.350 size=43.0  elapsed=162s chainlink_now=85635.98194813619
[15:07:06] NEW TRADE  Bitcoin    Up    paid=0.230 size=57.5  elapsed=159s chainlink_now=85600.67314699106
[15:07:06] NEW TRADE  Bitcoin    Down  paid=0.580 size=6.5  elapsed=150s chainlink_now=85604.38448020264
[15:07:06] NEW TRADE  Bitcoin    Up    paid=0.564 size=108.0  elapsed=111s chainlink_now=85678.93921976614
[15:07:06] NEW TRADE  Bitcoin    Up    paid=0.530 size=75.0  elapsed=98s chainlink_now=85668.63524321
[15:07:06] NEW TRADE  Bitcoin    Up    paid=0.540 size=20.0  elapsed=Nones chainlink_now=85650.45991017808
[15:07:06] NEW TRADE  Bitcoin    Down  paid=0.510 size=24.0  elapsed=83s chainlink_now=85639.37246610585
[15:07:06] NEW TRADE  Bitcoin    Down  paid=0.530 size=40.0  elapsed=77s chainlink_now=85665.2479086924
[15:07:06] NEW TRADE  Bitcoin    Up    paid=0.550 size=5.0  elapsed=74s chainlink_now=85679.50170136658
[15:07:06] NEW TRADE  Bitcoin    Up    paid=0.506 size=12.9  elapsed=71s chainlink_now=85664.34109187
